目标 load0(fr=29.95Hz),源 load0;k=5,60 epoch,3 seed x 2 遍
同录制测试 = load0 留出测试窗;跨录制测试 = load[1, 2, 3] 全部窗

    第1遍完成(support_only 同录制 0.9865, +fp_aug 0.9870)
    第2遍完成(support_only 同录制 0.9868, +fp_aug 0.9840)
训练配置                测 load0 同录制      测 load1 跨录制      测 load2 跨录制      测 load3 跨录制        跨录制均值        落差
---------------------------------------------------------------------------------------------------------
support_only      0.9866±0.0025    0.9669±0.0078    0.9413±0.0656    0.6960±0.0568       0.8681   +0.1185
+fp_aug           0.9855±0.0029    0.9600±0.0191    0.8434±0.0465    0.7090±0.0259       0.8375   +0.1480
+surrogate        0.9891±0.0043    0.9010±0.0426    0.8390±0.0640    0.7368±0.0226       0.8256   +0.1635
+true_aug         0.9999±0.0002    0.9876±0.0049    0.9110±0.0366    0.6947±0.0379       0.8644   +0.1355
source_only       0.9996±0.0009    0.9658±0.0333    0.8561±0.0823    0.6746±0.0746       0.8321   +0.1674
dann              1.0000±0.0000    0.9699±0.0171    0.8581±0.0615    0.6836±0.0641       0.8372   +0.1628

读法:落差 = 同录制成绩 - 跨录制成绩,即该配置吃到的指纹泄漏幅度。source_only / dann 不用任何目标标签,是天然无泄漏的参照。
[save] D:\.1papernew\论文一_代码_v1\paper1_code\results_paper\tab_leak.json  (已含支撑域 ['0'])
目标 load1(fr=29.53Hz),源 load0;k=5,60 epoch,3 seed x 2 遍
同录制测试 = load1 留出测试窗;跨录制测试 = load[0, 2, 3] 全部窗

    第1遍完成(support_only 同录制 0.9880, +fp_aug 0.9892)
    第2遍完成(support_only 同录制 0.9880, +fp_aug 0.9872)
训练配置                测 load1 同录制      测 load0 跨录制      测 load2 跨录制      测 load3 跨录制        跨录制均值        落差
---------------------------------------------------------------------------------------------------------
support_only      0.9880±0.0017    0.9438±0.0104    0.9859±0.0049    0.6840±0.0040       0.8712   +0.1168
+fp_aug           0.9882±0.0023    0.9383±0.0430    0.8819±0.0578    0.6913±0.0407       0.8372   +0.1510
+surrogate        0.9920±0.0032    0.8753±0.0153    0.8967±0.0455    0.6613±0.0340       0.8111   +0.1809
+true_aug         1.0000±0.0000    0.9703±0.0110    0.9982±0.0012    0.7136±0.0351       0.8940   +0.1060
source_only       0.9936±0.0041    0.9999±0.0002    0.9325±0.0244    0.7222±0.0176       0.8849   +0.1088
dann              0.9992±0.0010    0.9999±0.0002    0.9802±0.0240    0.7453±0.0247       0.9085   +0.0907

读法:落差 = 同录制成绩 - 跨录制成绩,即该配置吃到的指纹泄漏幅度。source_only / dann 不用任何目标标签,是天然无泄漏的参照。
[save] D:\.1papernew\论文一_代码_v1\paper1_code\results_paper\tab_leak.json  (已含支撑域 ['0', '1'])
目标 load2(fr=29.17Hz),源 load0;k=5,60 epoch,3 seed x 2 遍
同录制测试 = load2 留出测试窗;跨录制测试 = load[0, 1, 3] 全部窗

    第1遍完成(support_only 同录制 0.9987, +fp_aug 0.9410)
    第2遍完成(support_only 同录制 0.9987, +fp_aug 0.9506)
训练配置                测 load2 同录制      测 load0 跨录制      测 load1 跨录制      测 load3 跨录制        跨录制均值        落差
---------------------------------------------------------------------------------------------------------
support_only      0.9987±0.0015    0.9387±0.0215    0.9084±0.0222    0.7670±0.0271       0.8714   +0.1274
+fp_aug           0.9458±0.0737    0.8576±0.1245    0.9490±0.0538    0.7333±0.1675       0.8466   +0.0991
+surrogate        0.7981±0.2871    0.7079±0.2619    0.7486±0.2613    0.5962±0.2671       0.6842   +0.1139
+true_aug         1.0000±0.0000    0.9534±0.0347    0.9524±0.0165    0.8810±0.0425       0.9289   +0.0711
source_only       0.9333±0.0675    1.0000±0.0000    0.9965±0.0025    0.6795±0.0734       0.8920   +0.0413
dann              0.9819±0.0386    0.9970±0.0063    0.9928±0.0057    0.7993±0.1032       0.9297   +0.0522

读法:落差 = 同录制成绩 - 跨录制成绩,即该配置吃到的指纹泄漏幅度。source_only / dann 不用任何目标标签,是天然无泄漏的参照。
[save] D:\.1papernew\论文一_代码_v1\paper1_code\results_paper\tab_leak.json  (已含支撑域 ['0', '1', '2'])
目标 load3(fr=28.83Hz),源 load0;k=5,60 epoch,3 seed x 2 遍
同录制测试 = load3 留出测试窗;跨录制测试 = load[0, 1, 2] 全部窗

    第1遍完成(support_only 同录制 0.9978, +fp_aug 0.9939)
    第2遍完成(support_only 同录制 0.9978, +fp_aug 0.9953)
训练配置                测 load3 同录制      测 load0 跨录制      测 load1 跨录制      测 load2 跨录制        跨录制均值        落差
---------------------------------------------------------------------------------------------------------
support_only      0.9978±0.0025    0.6556±0.0667    0.7135±0.0045    0.8068±0.0356       0.7253   +0.2725
+fp_aug           0.9946±0.0015    0.7854±0.0480    0.7789±0.0375    0.8613±0.0210       0.8086   +0.1861
+surrogate        0.9970±0.0026    0.6326±0.0393    0.6679±0.0258    0.7564±0.0572       0.6856   +0.3114
+true_aug         1.0000±0.0000    0.5824±0.0259    0.6943±0.0283    0.7884±0.0469       0.6884   +0.3116
source_only       0.7075±0.0447    0.9952±0.0098    0.9886±0.0103    0.9791±0.0189       0.9876   -0.2801
dann              0.8943±0.0747    0.9961±0.0060    0.9538±0.0551    0.9600±0.0516       0.9700   -0.0757

读法:落差 = 同录制成绩 - 跨录制成绩,即该配置吃到的指纹泄漏幅度。source_only / dann 不用任何目标标签,是天然无泄漏的参照。
[save] D:\.1papernew\论文一_代码_v1\paper1_code\results_paper\tab_leak.json  (已含支撑域 ['0', '1', '2', '3'])
