目标 load0(fr=29.95Hz),源 load0;k=5,60 epoch,3 seed
同录制测试 = load0 留出测试窗;跨录制测试 = load[1, 2, 3] 全部窗

训练配置                测 load0 同录制      测 load1 跨录制      测 load2 跨录制      测 load3 跨录制        跨录制均值        落差
---------------------------------------------------------------------------------------------------------
support_only      0.9869±0.0024    0.9665±0.0082    0.9730±0.0208    0.6959±0.0570       0.8785   +0.1084
+fp_aug           0.9848±0.0072    0.9614±0.0148    0.8066±0.0529    0.7319±0.0102       0.8333   +0.1515
+surrogate        0.9867±0.0086    0.9170±0.0751    0.8091±0.0478    0.6555±0.0575       0.7939   +0.1928
+true_aug         0.9999±0.0002    0.9895±0.0017    0.9281±0.0304    0.7356±0.0123       0.8844   +0.1154
source_only       1.0000±0.0000    0.9794±0.0119    0.9364±0.0335    0.6904±0.0758       0.8688   +0.1312
dann              1.0000±0.0000    0.9728±0.0311    0.8984±0.0572    0.6798±0.0712       0.8503   +0.1497

读法:落差 = 同录制成绩 - 跨录制成绩,即该配置吃到的指纹泄漏幅度。source_only / dann 不用任何目标标签,是天然无泄漏的参照。
[save] D:\.1papernew\论文一_代码_v1\paper1_code\results_paper\tab_leak.json  (已含支撑域 ['0'])
目标 load1(fr=29.53Hz),源 load0;k=5,60 epoch,3 seed
同录制测试 = load1 留出测试窗;跨录制测试 = load[0, 2, 3] 全部窗

训练配置                测 load1 同录制      测 load0 跨录制      测 load2 跨录制      测 load3 跨录制        跨录制均值        落差
---------------------------------------------------------------------------------------------------------
support_only      0.9881±0.0017    0.9441±0.0101    0.9860±0.0047    0.6842±0.0040       0.8714   +0.1167
+fp_aug           0.9561±0.0470    0.9437±0.0572    0.8968±0.0374    0.7675±0.0601       0.8693   +0.0868
+surrogate        0.9931±0.0040    0.8674±0.0150    0.9131±0.0431    0.6566±0.0135       0.8123   +0.1807
+true_aug         1.0000±0.0000    0.9774±0.0135    0.9990±0.0005    0.7409±0.0151       0.9058   +0.0942
source_only       0.9929±0.0040    1.0000±0.0000    0.9682±0.0108    0.6896±0.0710       0.8859   +0.1070
dann              0.9931±0.0054    0.9997±0.0004    0.9373±0.0466    0.7173±0.0359       0.8848   +0.1083

读法:落差 = 同录制成绩 - 跨录制成绩,即该配置吃到的指纹泄漏幅度。source_only / dann 不用任何目标标签,是天然无泄漏的参照。
[save] D:\.1papernew\论文一_代码_v1\paper1_code\results_paper\tab_leak.json  (已含支撑域 ['0', '1'])
目标 load2(fr=29.17Hz),源 load0;k=5,60 epoch,3 seed
同录制测试 = load2 留出测试窗;跨录制测试 = load[0, 1, 3] 全部窗

训练配置                测 load2 同录制      测 load0 跨录制      测 load1 跨录制      测 load3 跨录制        跨录制均值        落差
---------------------------------------------------------------------------------------------------------
support_only      0.9987±0.0018    0.9401±0.0170    0.9093±0.0181    0.7649±0.0287       0.8714   +0.1273
+fp_aug           0.9983±0.0003    0.8628±0.0351    0.9743±0.0107    0.7884±0.0949       0.8752   +0.1231
+surrogate        0.9994±0.0002    0.8537±0.0284    0.9303±0.0436    0.7359±0.0961       0.8399   +0.1595
+true_aug         1.0000±0.0000    0.9364±0.0496    0.9223±0.0271    0.8508±0.0546       0.9032   +0.0968
source_only       0.9889±0.0007    1.0000±0.0000    0.9954±0.0021    0.6329±0.0676       0.8761   +0.1128
dann              0.9956±0.0035    0.9888±0.0114    0.9763±0.0067    0.7910±0.0886       0.9187   +0.0769

读法:落差 = 同录制成绩 - 跨录制成绩,即该配置吃到的指纹泄漏幅度。source_only / dann 不用任何目标标签,是天然无泄漏的参照。
[save] D:\.1papernew\论文一_代码_v1\paper1_code\results_paper\tab_leak.json  (已含支撑域 ['0', '1', '2'])
目标 load3(fr=28.83Hz),源 load0;k=5,60 epoch,3 seed
同录制测试 = load3 留出测试窗;跨录制测试 = load[0, 1, 2] 全部窗

训练配置                测 load3 同录制      测 load0 跨录制      测 load1 跨录制      测 load2 跨录制        跨录制均值        落差
---------------------------------------------------------------------------------------------------------
support_only      0.9978±0.0025    0.6557±0.0667    0.7136±0.0048    0.8072±0.0358       0.7255   +0.2724
+fp_aug           0.9894±0.0090    0.7736±0.0744    0.8066±0.0457    0.9286±0.0477       0.8363   +0.1531
+surrogate        0.9964±0.0035    0.6955±0.0051    0.6961±0.0145    0.7518±0.0402       0.7145   +0.2820
+true_aug         1.0000±0.0000    0.5869±0.0228    0.6994±0.0080    0.8173±0.0395       0.7012   +0.2988
source_only       0.6606±0.0744    0.9976±0.0034    0.9677±0.0395    0.9856±0.0046       0.9836   -0.3230
dann              0.9344±0.0782    1.0000±0.0000    0.9948±0.0039    0.9983±0.0024       0.9977   -0.0633

读法:落差 = 同录制成绩 - 跨录制成绩,即该配置吃到的指纹泄漏幅度。source_only / dann 不用任何目标标签,是天然无泄漏的参照。
[save] D:\.1papernew\论文一_代码_v1\paper1_code\results_paper\tab_leak.json  (已含支撑域 ['0', '1', '2', '3'])
