目标 load0(fr=29.95Hz),源 load0;k=5,60 epoch,3 seed x 1 遍
同录制测试 = load0 留出测试窗;跨录制测试 = load[1, 2, 3] 全部窗

训练配置                测 load0 同录制      测 load1 跨录制      测 load2 跨录制      测 load3 跨录制        跨录制均值        落差
---------------------------------------------------------------------------------------------------------
support_only      0.9866±0.0026    0.9668±0.0086    0.9732±0.0202    0.6963±0.0566       0.8788   +0.1079
+fp_aug           0.9689±0.0220    0.9248±0.0448    0.7813±0.0119    0.7007±0.0172       0.8023   +0.1667
+surrogate        0.9891±0.0066    0.9196±0.0447    0.8507±0.0550    0.6858±0.0576       0.8187   +0.1704
+true_aug         0.9999±0.0002    0.9810±0.0061    0.9085±0.0225    0.6673±0.0406       0.8523   +0.1476
source_only       1.0000±0.0000    0.9717±0.0159    0.9150±0.0147    0.6856±0.0434       0.8574   +0.1426
dann              1.0000±0.0000    0.9757±0.0036    0.8701±0.0311    0.7004±0.0450       0.8487   +0.1513

读法:落差 = 同录制成绩 - 跨录制成绩,即该配置吃到的指纹泄漏幅度。source_only / dann 不用任何目标标签,是天然无泄漏的参照。
[save] D:\.1papernew\论文一_代码_v1\paper1_code\results_paper\tab_leak.json  (已含支撑域 ['0'])
目标 load1(fr=29.53Hz),源 load0;k=5,60 epoch,3 seed x 1 遍
同录制测试 = load1 留出测试窗;跨录制测试 = load[0, 2, 3] 全部窗

训练配置                测 load1 同录制      测 load0 跨录制      测 load2 跨录制      测 load3 跨录制        跨录制均值        落差
---------------------------------------------------------------------------------------------------------
support_only      0.9880±0.0017    0.9440±0.0100    0.9858±0.0049    0.6844±0.0042       0.8714   +0.1166
+fp_aug           0.9889±0.0020    0.9472±0.0430    0.8972±0.0514    0.6958±0.0329       0.8467   +0.1421
+surrogate        0.9920±0.0022    0.8514±0.0072    0.9075±0.0635    0.6432±0.0214       0.8007   +0.1913
+true_aug         1.0000±0.0000    0.9771±0.0127    0.9981±0.0014    0.7302±0.0210       0.9018   +0.0982
source_only       0.9943±0.0049    1.0000±0.0000    0.9595±0.0170    0.6373±0.0735       0.8656   +0.1287
dann              0.9924±0.0087    0.9994±0.0008    0.9441±0.0312    0.6881±0.0715       0.8772   +0.1152

读法:落差 = 同录制成绩 - 跨录制成绩,即该配置吃到的指纹泄漏幅度。source_only / dann 不用任何目标标签,是天然无泄漏的参照。
[save] D:\.1papernew\论文一_代码_v1\paper1_code\results_paper\tab_leak.json  (已含支撑域 ['0', '1'])
目标 load2(fr=29.17Hz),源 load0;k=5,60 epoch,3 seed x 1 遍
同录制测试 = load2 留出测试窗;跨录制测试 = load[0, 1, 3] 全部窗

训练配置                测 load2 同录制      测 load0 跨录制      测 load1 跨录制      测 load3 跨录制        跨录制均值        落差
---------------------------------------------------------------------------------------------------------
support_only      0.9987±0.0018    0.9403±0.0168    0.9091±0.0178    0.7641±0.0279       0.8712   +0.1276
+fp_aug           0.9973±0.0021    0.8624±0.0151    0.9765±0.0074    0.8313±0.0034       0.8900   +0.1073
+surrogate        0.9997±0.0002    0.8755±0.0614    0.9202±0.0483    0.8115±0.0476       0.8691   +0.1306
+true_aug         1.0000±0.0000    0.9443±0.0151    0.9355±0.0140    0.9041±0.0398       0.9280   +0.0720
source_only       0.9783±0.0112    1.0000±0.0000    0.9947±0.0039    0.6443±0.0703       0.8797   +0.0986
dann              0.9997±0.0004    1.0000±0.0000    1.0000±0.0000    0.7485±0.0134       0.9162   +0.0836

读法:落差 = 同录制成绩 - 跨录制成绩,即该配置吃到的指纹泄漏幅度。source_only / dann 不用任何目标标签,是天然无泄漏的参照。
[save] D:\.1papernew\论文一_代码_v1\paper1_code\results_paper\tab_leak.json  (已含支撑域 ['0', '1', '2'])
目标 load3(fr=28.83Hz),源 load0;k=5,60 epoch,3 seed x 1 遍
同录制测试 = load3 留出测试窗;跨录制测试 = load[0, 1, 2] 全部窗

训练配置                测 load3 同录制      测 load0 跨录制      测 load1 跨录制      测 load2 跨录制        跨录制均值        落差
---------------------------------------------------------------------------------------------------------
support_only      0.9978±0.0025    0.6557±0.0667    0.7136±0.0047    0.8069±0.0357       0.7254   +0.2724
+fp_aug           0.9768±0.0250    0.7983±0.0416    0.7966±0.0449    0.8459±0.0413       0.8136   +0.1631
+surrogate        0.9976±0.0023    0.6891±0.0258    0.7153±0.0130    0.8029±0.0573       0.7357   +0.2619
+true_aug         1.0000±0.0000    0.5846±0.0150    0.7124±0.0111    0.8228±0.0361       0.7066   +0.2934
source_only       0.6613±0.0684    0.9996±0.0003    0.9958±0.0031    0.9940±0.0025       0.9965   -0.3352
dann              0.9319±0.0939    0.9984±0.0022    0.9854±0.0103    0.9968±0.0026       0.9935   -0.0617

读法:落差 = 同录制成绩 - 跨录制成绩,即该配置吃到的指纹泄漏幅度。source_only / dann 不用任何目标标签,是天然无泄漏的参照。
[save] D:\.1papernew\论文一_代码_v1\paper1_code\results_paper\tab_leak.json  (已含支撑域 ['0', '1', '2', '3'])
