
======================================================================
part_bc  max_files=4  n_seed=1  epochs=200
======================================================================

[B] 同录制 vs 轴承不相交   工况 N15_M07_F10  窗长 4096  (10480 窗, 200 epoch, 1 seed)
    seed         同录制        轴承不相交        乐观量       训练集
    0         0.9120       0.4184    +0.4936    0.9987
    均值        0.9120       0.4184    +0.4936
    (标准差 同录制 0.0000 / 不相交 0.0000)

[C] 工况迁移(训练 N15_M07_F10,三类均衡的 5+5+5 颗轴承)
    -> N09_M07_F10    acc=0.5996  macro_f1=0.5183
    -> N15_M01_F10    acc=0.3658  macro_f1=0.2676
    -> N15_M07_F04    acc=0.7508  macro_f1=0.7283

======================================================================
part_bc  max_files=8  n_seed=1  epochs=200
======================================================================

[B] 同录制 vs 轴承不相交   工况 N15_M07_F10  窗长 4096  (20919 窗, 200 epoch, 1 seed)
    seed         同录制        轴承不相交        乐观量       训练集
    0         0.9211       0.5241    +0.3970    0.9973
    均值        0.9211       0.5241    +0.3970
    (标准差 同录制 0.0000 / 不相交 0.0000)

[C] 工况迁移(训练 N15_M07_F10,三类均衡的 5+5+5 颗轴承)
